backend-program
  main: Main__main
  modules:
    module Main
      data:
        data Main.Nat
          constructors:
            ctor Main__Zero
              fields: []
              result: Main.Nat
            ctor Main__Succ
              fields: [Main.Nat]
              result: Main.Nat
      bindings:
        binding Main__Zero : Main.Nat
          exported-main: false
          expr:
            construct Main__Zero : Main.Nat
              args:
                <none>
        binding Main__Succ : (Main.Nat -> Main.Nat)
          exported-main: false
          expr:
            lam $Main__Succ_arg1 : Main.Nat -> (Main.Nat -> Main.Nat)
              body:
                construct Main__Succ : Main.Nat
                  args:
                    arg 0:
                      var $Main__Succ_arg1 : Main.Nat
        binding Main__main : Main.Nat
          exported-main: true
          expr:
            case : Main.Nat
              scrutinee:
                construct Main__Succ : Main.Nat
                  args:
                    arg 0:
                      construct Main__Zero : Main.Nat
                        args:
                          <none>
              alternatives:
                alternative Main__Zero()
                  body:
                    construct Main__Zero : Main.Nat
                      args:
                        <none>
                alternative Main__Succ($case1#12)
                  body:
                    let $n#14 : Main.Nat -> Main.Nat
                      rhs:
                        var $case1#12 : Main.Nat
                      body:
                        var $n#14 : Main.Nat
