-- Constraint graph summary for: poly-let
root: 4
node-count: 18
inst-edge-count: 7
unify-edge-count: 0
bind-parent-count: 24
nodes:
  0: TyVar
  1: TyVar
  2: TyArrow
  3: TyVar
  4: TyVar
  5: TyExp
  6: TyBase(Int)
  7: TyVar
  8: TyVar
  9: TyVar
  10: TyArrow
  11: TyVar
  12: TyExp
  13: TyBase(Bool)
  14: TyVar
  15: TyVar
  16: TyVar
  17: TyArrow


